C:/TouchGFXProjects/Pomodoro/Core/Src/stm32f4xx_hal_msp.c:64:6:HAL_MspInit	8	static
C:/TouchGFXProjects/Pomodoro/Core/Src/stm32f4xx_hal_msp.c:88:6:HAL_CRC_MspInit	8	static
C:/TouchGFXProjects/Pomodoro/Core/Src/stm32f4xx_hal_msp.c:110:6:HAL_CRC_MspDeInit	0	static
C:/TouchGFXProjects/Pomodoro/Core/Src/stm32f4xx_hal_msp.c:132:6:HAL_DMA2D_MspInit	16	static
C:/TouchGFXProjects/Pomodoro/Core/Src/stm32f4xx_hal_msp.c:157:6:HAL_DMA2D_MspDeInit	0	static
C:/TouchGFXProjects/Pomodoro/Core/Src/stm32f4xx_hal_msp.c:182:6:HAL_I2C_MspInit	64	static
C:/TouchGFXProjects/Pomodoro/Core/Src/stm32f4xx_hal_msp.c:230:6:HAL_I2C_MspDeInit	8	static
C:/TouchGFXProjects/Pomodoro/Core/Src/stm32f4xx_hal_msp.c:261:6:HAL_LTDC_MspInit	120	static
C:/TouchGFXProjects/Pomodoro/Core/Src/stm32f4xx_hal_msp.c:386:6:HAL_LTDC_MspDeInit	8	static
C:/TouchGFXProjects/Pomodoro/Core/Src/stm32f4xx_hal_msp.c:448:6:HAL_RTC_MspInit	56	static
C:/TouchGFXProjects/Pomodoro/Core/Src/stm32f4xx_hal_msp.c:481:6:HAL_RTC_MspDeInit	0	static
C:/TouchGFXProjects/Pomodoro/Core/Src/stm32f4xx_hal_msp.c:503:6:HAL_SPI_MspInit	40	static
C:/TouchGFXProjects/Pomodoro/Core/Src/stm32f4xx_hal_msp.c:540:6:HAL_SPI_MspDeInit	0	static
C:/TouchGFXProjects/Pomodoro/Core/Src/stm32f4xx_hal_msp.c:672:6:HAL_SDRAM_MspInit	48	static
C:/TouchGFXProjects/Pomodoro/Core/Src/stm32f4xx_hal_msp.c:758:6:HAL_SDRAM_MspDeInit	8	static
