../../Middlewares/ST/touchgfx/framework/include/touchgfx/Screen.hpp:104:18:virtual void touchgfx::Screen::afterTransition()	0	static
../../Middlewares/ST/touchgfx/framework/include/touchgfx/Screen.hpp:144:18:virtual void touchgfx::Screen::handleTickEvent()	0	static
../../Middlewares/ST/touchgfx/framework/include/touchgfx/Screen.hpp:154:18:virtual void touchgfx::Screen::handleKeyEvent(uint8_t)	0	static
../../TouchGFX/generated/gui_generated/include/gui_generated/main_screen/MainViewBase.hpp:31:18:virtual void MainViewBase::secondScrollListUpdateItem(SecondContainer&, int16_t)	0	static
C:/TouchGFXProjects/Pomodoro/TouchGFX/gui/src/main_screen/MainView.cpp:13:6:virtual void MainView::tearDownScreen()	0	static
C:/TouchGFXProjects/Pomodoro/TouchGFX/gui/src/main_screen/MainView.cpp:51:6:virtual void MainView::minuteScrollListUpdateItem(MinutesContainer&, int16_t)	0	static
../../Middlewares/ST/touchgfx/framework/include/touchgfx/containers/scrollers/DrawableList.hpp:79:7:touchgfx::DrawableListItems<MinutesContainer, 2>::~DrawableListItems()	16	static
../../Middlewares/ST/touchgfx/framework/include/touchgfx/containers/scrollers/DrawableList.hpp:79:7:touchgfx::DrawableListItems<SecondContainer, 2>::~DrawableListItems()	16	static
../../Middlewares/ST/touchgfx/framework/include/touchgfx/containers/scrollers/DrawableList.hpp:101:21:int16_t touchgfx::DrawableListItems<TYPE, SIZE>::getNumberOfDrawables() [with TYPE = SecondContainer; int SIZE = 2]	0	static
../../Middlewares/ST/touchgfx/framework/include/touchgfx/containers/scrollers/DrawableList.hpp:101:21:int16_t touchgfx::DrawableListItems<TYPE, SIZE>::getNumberOfDrawables() [with TYPE = MinutesContainer; int SIZE = 2]	0	static
C:/TouchGFXProjects/Pomodoro/TouchGFX/gui/src/main_screen/MainView.cpp:8:6:virtual void MainView::setupScreen()	0	static
C:/TouchGFXProjects/Pomodoro/TouchGFX/gui/src/main_screen/MainView.cpp:44:6:virtual void MainView::updateTime(uint8_t, uint8_t, uint8_t)	16	static
../../Middlewares/ST/touchgfx/framework/include/touchgfx/containers/scrollers/DrawableList.hpp:79:7:virtual touchgfx::DrawableListItems<SecondContainer, 2>::~DrawableListItems()	8	static
../../Middlewares/ST/touchgfx/framework/include/touchgfx/containers/scrollers/DrawableList.hpp:79:7:virtual touchgfx::DrawableListItems<MinutesContainer, 2>::~DrawableListItems()	8	static
../../Middlewares/ST/touchgfx/framework/include/touchgfx/containers/scrollers/DrawableList.hpp:82:23:touchgfx::Drawable* touchgfx::DrawableListItems<TYPE, SIZE>::getDrawable(int16_t) [with TYPE = SecondContainer; int SIZE = 2]	8	static
../../Middlewares/ST/touchgfx/framework/include/touchgfx/containers/scrollers/DrawableList.hpp:82:23:touchgfx::Drawable* touchgfx::DrawableListItems<TYPE, SIZE>::getDrawable(int16_t) [with TYPE = MinutesContainer; int SIZE = 2]	8	static
C:/TouchGFXProjects/Pomodoro/TouchGFX/gui/src/main_screen/MainView.cpp:3:1:MainView::MainView()	8	static
../../TouchGFX/generated/gui_generated/include/gui_generated/main_screen/MainViewBase.hpp:23:13:MainViewBase::~MainViewBase()	8	static
../../TouchGFX/generated/gui_generated/include/gui_generated/main_screen/MainViewBase.hpp:23:13:virtual MainViewBase::~MainViewBase()	8	static
../../TouchGFX/gui/include/gui/main_screen/MainView.hpp:11:13:MainView::~MainView()	8	static
../../TouchGFX/gui/include/gui/main_screen/MainView.hpp:11:13:virtual MainView::~MainView()	8	static
